[
    {
        "role_name": "test role",
        "resps": [
            "test responsibility name"
        ]
    },
    {
        "role_name": "Test Engineer",
        "resps": [
            "developing high quality soluti",
            "test responsibility name"
        ]
    },
    {
        "role_name": "Test Engineer",
        "resps": [
            "developing high quality soluti",
            "test responsibility name"
        ]
    }
]