[
  {
    "name": "test role",
    "id": "1",
    "capability": "test cap name",
    "bandName": "test band name",
    "jobFamilyName": "Test Job family"
  },
  {
    "name": "Test Engineer",
    "id": "2",
    "capability": "Cyber Security",
    "bandName": "Associate",
    "jobFamilyName": "Testing and Quality Assurance"
  },
  {
    "name": "Software Engineer",
    "id": "5",
    "capability": "Engineering",
    "bandName": "Trainee",
    "jobFamilyName": "Engineering"
  },
  {
    "name": "Software Engineer",
    "id": "6",
    "capability": "Cyber Security",
    "bandName": "Associate",
    "jobFamilyName": "Security Strategy and Planning"
  },
  {
    "name": "Product Specialist",
    "id": "7",
    "capability": "Product",
    "bandName": "Principal",
    "jobFamilyName": "Product Consultancy"
  },
  {
    "name": "Digital Advisory Consultant",
    "id": "8",
    "capability": "Product",
    "bandName": "Principal",
    "jobFamilyName": "Digital Advisory Consultancy"
  },
  {
    "name": "Specialist Consultant",
    "id": "9",
    "capability": "Product",
    "bandName": "Principal",
    "jobFamilyName": "Specialist Consultancy"
  },
  {
    "name": "Digital Advisory Consultant",
    "id": "10",
    "capability": "Product",
    "bandName": "Manager",
    "jobFamilyName": "Digital Advisory Consultancy"
  },
  {
    "name": "Specialist Consultant",
    "id": "11",
    "capability": "Product",
    "bandName": "Manager",
    "jobFamilyName": "Specialist Consultancy"
  }
]