{
  "id": 1,
  "name": "test role",
  "specification": "test spec"
}