{
  "name": "test band name",
  "trainings": [
    {
      "name": "Some Technical Training",
      "description": "Learn more about how to improve your tehcnical skills",
      "url": "https://kainossoftwareltd.sharepoint.com/L%26D/SitePages/Time-Management.aspx",
      "type": "Technical Skills"
    },
    {
      "name": "Effective Time Management",
      "description": "Identify what effective time management looks like ",
      "url": "https://kainossoftwareltd.sharepoint.com/L%26D/SitePages/Time-Management.aspx",
      "type": "Professional Skills"
    }
  ]
}
