[
  {
    "name": "Product",
    "id": "4",
    "jobFamiliesNames": [
      "Product Consultancy"
    ]
  }
]
