{"name":"Apprentice",
    "competency_info":[
        ["Commercial Awareness","Placeholder description for App. C.A"],
        ["Planning and Organising","Placeholder description for App. P&O"],
        ["Innovation and Continuous Inprovement","Placeholder description for App. I&C.I"],
        ["Job Specific Knowledge","Placeholder description for App. J.S.K"],[
        "Developing Yourself and Others","Placeholder description for App. D.Y&O"],
        ["Communicating & Teamwork","Placeholder description for App. C&T"],
        ["Customer Focus","Placeholder description for App. C.F"]]}