[
  {
    "name": "Executive"
  },
  {
    "name": "Leadership Community"
  },
  {
    "name": "Principal"
  },
  {
    "name": "Manager"
  },
  {
    "name": "Consultant"
  },
  {
    "name": "Senior Associate"
  },
  {
    "name": "Associate"
  },
  {
    "name": "Trainee"
  },
  {
    "name": "Apprentice"
  },
  {
    "name": "test band name"
  }
]
